[ 3, 4, 5, 6, 7, 8, 9, 0 ]
1 - 2
[ 5, 6, 7, 8, 9, 0 ]
3 - 4
[ 7, 8, 9, 0 ]
5 - 6
[ 9, 0 ]
7 - 8
[]
9 - 0
[ true, false, 1, 0, 'yes', 'no' ]
true
false
1
0
yes
no
1
2
3
a
b
c
true
false
