[]
[ 1, 2, 3 ]
2
[ 2 ]
[ 2, 3, 4, 5 ]
[ 'hey', 'boy ', 'wham ba lam ' ]
