OuterFunction takes X, Y, and Z
InnerFunction takes X
Give back X with X

Put InnerFunction taking X into ResultX
Put InnerFunction taking Y into ResultY
Put InnerFunction taking Z into ResultZ
Put ResultX with ResultY with ResultZ into ResultXYZ
Give back ResultXYZ

Put OuterFunction taking "foo", "bar" and "baz" into Result
Shout Result
